// Jest Snapshot v1, https://goo.gl/fbAQLP

exports[`markdown-magic-engines renders engines from nearest package.json 1`] = `"* **node**: ^8.0.0"`;
